// Jest Snapshot v1, https://goo.gl/fbAQLP

exports[`Option renders correctly 1`] = `
<span
  className="atti-box"
>
  <span
    className="atti-box"
  >
    <p
      className="Text-o3or1r-0-p Atticomponents Option-sc-1gvlqg7-0 gfsVzN StyledOption-sc-1g6h427-0 atti-r-css Atticomponents Option-sc-1gvlqg7-0 gfsVzN gjpWDD"
      id="Atticomponents"
      onClick={[Function]}
      selected={true}
    >
      Atticomponents
    </p>
  </span>
</span>
`;
