// Jest Snapshot v1, https://goo.gl/fbAQLP

exports[`TextArea renders correctly 1`] = `
Array [
  <label
    className="sc-bwzfXH gnDaMb"
    htmlFor="Atticomponents"
  >
    Atticomponents
  </label>,
  <textarea
    className="sc-bdVaJa gdCiKt"
    id="Atticomponents"
    name="Atticomponents"
    placeholder="Atticomponents"
  />,
]
`;
