// Jest Snapshot v1, https://goo.gl/fbAQLP

exports[`Select renders correctly 1`] = `
<span
  className="atti-box"
>
  <select
    className="Atticomponents Select-sc-1yblj4q-0 eGaeAq StyledSelect-jeqzcu-0 atti-r-css Atticomponents Select-sc-1yblj4q-0 eGaeAq wHhRh"
    id="Atticomponents"
    multiple={true}
    name="Atticomponents"
    onChange={[Function]}
    size={42}
  />
</span>
`;
