// Jest Snapshot v1, https://goo.gl/fbAQLP

exports[`Select renders correctly 1`] = `
Array [
  <label
    className="StyledLabel-sc-7lrvk2-0 cgokyd"
    htmlFor="Atticomponents"
  >
    Atticomponents
  </label>,
  <select
    className="StyledSelect-jeqzcu-0 gZtug"
    id="Atticomponents"
    multiple={true}
    name="Atticomponents"
    onChange={[Function]}
    size={42}
  />,
]
`;
