// Jest Snapshot v1, https://goo.gl/fbAQLP

exports[`Input renders correctly 1`] = `
Array [
  <label
    className="sc-bwzfXH hhqXtE"
    htmlFor="Atticomponents"
  >
    Atticomponents
  </label>,
  <input
    className="sc-bdVaJa hUvXGl"
    form={true}
    id="Atticomponents"
    name="Atticomponents"
    onChange={[Function]}
    pattern="Atticomponents"
    placeholder="Atticomponents"
    size={42}
    type="Atticomponents"
    value="Atticomponents"
  />,
]
`;
