// Jest Snapshot v1, https://goo.gl/fbAQLP

exports[`InputGroup renders correctly 1`] = `
<span
  className="atti-box"
>
  <span
    className="atti-box"
  >
    <div
      className="Atticomponents InputGroup-sc-17yv7rx-0 foEPxx StyledVerticalInputGroup-hvv0gu-0 cHsGAU"
    >
      Atticomponents
    </div>
  </span>
</span>
`;
