// Jest Snapshot v1, https://goo.gl/fbAQLP

exports[`StyledButton renders correctly 1`] = `
<span
  className="atti-box"
>
  <span
    className="atti-box"
  >
    <button
      className="Text-sc-187vq02-0-button StyledButtonweb__StyledButton-djbee1-0 atti-r-css  iGYvOS"
    />
  </span>
</span>
`;
