// Jest Snapshot v1, https://goo.gl/fbAQLP

exports[`Radio renders correctly 1`] = `
<label
  className="sc-bxivhb dUqiyM sc-htpNat dMOWPP"
>
  <input
    checked={true}
    className="sc-bwzfXH ixbXeA"
    id="Atticomponents"
    name="Atticomponents"
    onChange={[Function]}
    type="radio"
    value="Atticomponents"
  />
  <span
    className="sc-bdVaJa fVGYww"
  />
  Atticomponents
</label>
`;
