// Jest Snapshot v1, https://goo.gl/fbAQLP

exports[`Radio renders correctly 1`] = `
<label
  className="LabelRadio-wot4p6-0 jilFc"
>
  <input
    checked={true}
    className="HiddenInputRadio-sc-9a3euj-0 dCQjgv"
    id="Atticomponents"
    name="Atticomponents"
    onChange={[Function]}
    type="radio"
    value="Atticomponents"
  />
  <span
    className="RadioButton-sc-8w77ik-0 bTdjdZ"
  />
  Atticomponents
</label>
`;
