// Jest Snapshot v1, https://goo.gl/fbAQLP

exports[`Alert renders correctly 1`] = `
<span
  className="atti-box"
>
  <span
    className="atti-box"
  >
    <div
      className="BigText-k0f7ck-0-div Atticomponents Alert-sc-6mbtvk-0 hTpuTT StyledDiv-rsh67c-0 atti-r-css Atticomponents Alert-sc-6mbtvk-0 hTpuTT dQHsnd"
    >
      <div />
    </div>
  </span>
</span>
`;
