// Jest Snapshot v1, https://goo.gl/fbAQLP

exports[`Alert renders correctly 1`] = `
<span
  className="atti-box"
>
  <div
    className="[object Object] Alert-sc-6mbtvk-0 hTpuTT StyledDiv-rsh67c-0 atti-r-css [object Object] Alert-sc-6mbtvk-0 hTpuTT gyTSNi"
    type={null}
  >
    <div />
  </div>
</span>
`;
