// Jest Snapshot v1, https://goo.gl/fbAQLP

exports[`Checkbox renders correctly 1`] = `
<label
  className="LabelCheckbox-sc-3x8kt7-0 khhFaj Label-xhjve5-0 esBItP"
  htmlFor="Atticomponents"
>
  <input
    checked={true}
    className="HiddenInputCheckbox-sc-1exe2yb-0 AXPoO"
    id="Atticomponents"
    name="Atticomponents"
    onChange={[Function]}
    type="checkbox"
    value="Atticomponents"
  />
  <span
    className="CheckboxBox-xrr36-0 flwkuA"
  />
  Atticomponents
</label>
`;
