// Jest Snapshot v1, https://goo.gl/fbAQLP

exports[`Checkbox renders correctly 1`] = `
<span
  className="atti-box"
>
  <label
    className="LabelCheckbox-sc-3x8kt7-0 atti-r-css  dmrHnf"
    htmlFor="Atticomponents"
  >
    <span
      className="CheckboxBoxContainer-sc-1rhgvgg-0 bYbrvy"
    >
      <input
        checked={true}
        className="HiddenInputCheckbox-sc-1exe2yb-0 llFNkY"
        id="Atticomponents"
        name="Atticomponents"
        onChange={[Function]}
        type="checkbox"
        value="Atticomponents"
      />
      <span
        className="CheckboxBox-xrr36-0 krHvFk"
      />
    </span>
    Atticomponents
  </label>
</span>
`;
