// Jest Snapshot v1, https://goo.gl/fbAQLP

exports[`CheckBox renders correctly 1`] = `
<span
  className="atti-box"
>
  <span
    className="Atticomponents CheckBox-udu1se-0 kwjaRp CheckboxBoxContainer__CheckBoxBoxContainer-sc-21lf0q-0 dxFWBK"
  >
    <input
      checked={true}
      className="HiddenInputCheckbox__HiddenInputCheckBox-sc-1uyfz8h-0 iJKQgK"
      id="Atticomponents"
      name="Atticomponents"
      onChange={[Function]}
      type="checkbox"
      value="Atticomponents"
    />
    <span
      className="CheckboxBox__CheckBoxBox-sc-66d8zq-0 iFikSN"
    />
  </span>
</span>
`;
