// Jest Snapshot v1, https://goo.gl/fbAQLP

exports[`Avatar renders correctly 1`] = `
<div
  className="Avatar StyledAvatar-sc-8wohen-0 bDKzTQ"
  color="Atticomponents"
  name="Atticomponents"
  size="Atticomponents"
>
  <img
    alt="Atticomponents"
    className="Avatar--img StyledPicturedAvatar-sc-2gx68i-0 dVzuMq"
    color="Atticomponents"
    size="Atticomponents"
    src="Atticomponents"
  />
</div>
`;
