// Jest Snapshot v1, https://goo.gl/fbAQLP

exports[`Image renders correctly 1`] = `
<span
  className="atti-box"
>
  <img
    alt="Atticomponents"
    className="Atticomponents Image-sc-8q2lr-0 uelgk StyledImage-sc-1w567an-0 gWgWUd"
    height="Atticomponents"
    src="Atticomponents"
    width="Atticomponents"
  />
</span>
`;
