// Jest Snapshot v1, https://goo.gl/fbAQLP

exports[`Progressbar renders correctly 1`] = `
<span
  className="atti-box"
>
  <div
    className="StyledProgressbar-tip8qd-0 fZEtjQ"
    end={42}
    start={42}
  >
    <p
      className="sc-bdVaJa atti-r-css  cZskBj"
    >
      NaN%
    </p>
  </div>
</span>
`;
