// Jest Snapshot v1, https://goo.gl/fbAQLP

exports[`ProgressBar renders correctly 1`] = `
<span
  className="atti-box"
>
  <span
    className="atti-box"
  >
    <div
      className="Atticomponents ProgressBar-sc-6utz1-0 ewMPLO StyledProgressBar-sc-15l6ukn-0 QEOFt"
      end={42}
      start={42}
    >
      <p
        className="Typography-csduj4-0 Text-sc-9szep3-0 atti-r-css  jskFzg"
      >
        
      </p>
      <p
        className="Typography-csduj4-0 Text-sc-9szep3-0 atti-r-css  jskFzg"
      >
        0/0%
      </p>
      <p
        className="Typography-csduj4-0 Text-sc-9szep3-0 atti-r-css  jskFzg"
      >
        
      </p>
    </div>
  </span>
</span>
`;
