// Jest Snapshot v1, https://goo.gl/fbAQLP

exports[`Progressbar renders correctly 1`] = `
<span
  className="atti-box"
>
  <div
    className="Progressbar-rfzdye-0 iAQcG StyledProgressbar-tip8qd-0 juzjTl"
    end={42}
    start={42}
  >
    <p
      className="Text-o3or1r-0 atti-r-css  eloKlU"
    >
      NaN%
    </p>
  </div>
</span>
`;
